
> atlas@0.1.0 data:build
> node scripts/build-data-service.mjs

Loaded Prisma config from prisma7.config.ts.

Prisma schema loaded from prisma/schema.prisma.

✔ Generated Prisma Client (7.10.0) to ./src/generated/prisma in 1.45s

Data API: 167 model descriptors, 335 allowlisted actions.
Prepared data-service: /Users/michael/Desktop/RP SYSTEM/build/data-service-source
▲ Next.js 16.3.8 (webpack)
✓ Running next.config.mjs took 28ms
- Experiments (use with caution):
  ⨯ isrFlushToDisk
  · serverActions

  Creating an optimized production build ...
✓ Compiled successfully in 6.7s
  Running TypeScript ...

  We detected TypeScript in your project and reconfigured your tsconfig.json file for you.
  The following suggested values were added to your tsconfig.json. These values can be changed to fit your project's needs:

  	- include was updated to add '.next/dev/types/**/*.ts'

  Finished TypeScript in 8.7s ...
  Collecting page data using 9 workers ...
  Generating static pages using 9 workers (0/8) ...
  Generating static pages using 9 workers (2/8) 
  Generating static pages using 9 workers (4/8) 
  Generating static pages using 9 workers (6/8) 
✓ Generating static pages using 9 workers (8/8) in 573ms
  Finalizing page optimization ...
  Collecting build traces ...

Route (app)
┌ ƒ /
├ ○ /_not-found
├ ƒ /api/desktop/action
├ ƒ /api/desktop/query
├ ƒ /api/desktop/session
└ ƒ /api/sales/draft


○  (Static)   prerendered as static content
ƒ  (Dynamic)  server-rendered on demand

