
> atlas@0.1.0 data:build
> node scripts/build-data-service.mjs

Loaded Prisma config from prisma7.config.ts.

Prisma schema loaded from prisma/schema.prisma.

✔ Generated Prisma Client (7.10.0) to ./src/generated/prisma in 1.28s

Data API: 167 model descriptors, 336 allowlisted actions.
Prepared data-service: /Users/michael/Desktop/RP SYSTEM/build/data-service-source
▲ Next.js 16.3.8 (webpack)
✓ Running next.config.mjs took 18ms
- Experiments (use with caution):
  ⨯ isrFlushToDisk
  · serverActions

  Creating an optimized production build ...
✓ Compiled successfully in 6.9s
  Running TypeScript ...

  We detected TypeScript in your project and reconfigured your tsconfig.json file for you.
  The following suggested values were added to your tsconfig.json. These values can be changed to fit your project's needs:

  	- include was updated to add '.next/dev/types/**/*.ts'

  Finished TypeScript in 9.1s ...
  Collecting page data using 9 workers ...
  Generating static pages using 9 workers (0/8) ...
  Generating static pages using 9 workers (2/8) 
Error: ENOENT: no such file or directory, open '/Users/michael/Desktop/RP SYSTEM/build/data-service-source/.next/server/app/_not-found/page.js.nft.json'
    at ignore-listed frames {
  errno: -2,
  code: 'ENOENT',
  syscall: 'open',
  path: '/Users/michael/Desktop/RP SYSTEM/build/data-service-source/.next/server/app/_not-found/page.js.nft.json'
}
unhandledRejection Error: ENOENT: no such file or directory, open '/Users/michael/Desktop/RP SYSTEM/build/data-service-source/.next/server/app/_not-found/page.js.nft.json'
    at ignore-listed frames {
  errno: -2,
  code: 'ENOENT',
  syscall: 'open',
  path: '/Users/michael/Desktop/RP SYSTEM/build/data-service-source/.next/server/app/_not-found/page.js.nft.json'
}
node:internal/errors:984
  const err = new Error(message);
              ^

Error: Command failed: /Users/michael/.nvm/versions/node/v20.20.2/bin/node /Users/michael/Desktop/RP SYSTEM/node_modules/next/dist/bin/next build --webpack
    at genericNodeError (node:internal/errors:984:15)
    at wrappedFn (node:internal/errors:538:14)
    at checkExecSyncError (node:child_process:891:11)
    at execFileSync (node:child_process:927:15)
    at file:///Users/michael/Desktop/RP%20SYSTEM/scripts/build-data-service.mjs:5:1
    at ModuleJob.run (node:internal/modules/esm/module_job:325:25)
    at async ModuleLoader.import (node:internal/modules/esm/loader:606:24)
    at async asyncRunEntryPointWithESMLoader (node:internal/modules/run_main:117:5) {
  status: 1,
  signal: null,
  output: [ null, null, null ],
  pid: 45527,
  stdout: null,
  stderr: null
}

Node.js v20.20.2
